{"logTime": "0831/065335", "correlationVector":"tmvqLp/eD3KN1du8wF74Pg.1","action":"SyncServerConnectionManagerRequest", "result":"SYNC_SERVER_OK", "context":{"environment":"Prod_southeastasia_prod-s01-065-apac-southeastasia", "migrationStage":"NotStarted", "server":"akswtt003000028"}}
{"logTime": "0831/065335", "correlationVector":"tmvqLp/eD3KN1du8wF74Pg.2","action":"ProcessGetUpdates", "result":"Done", "context":{"dataType":"Encryption Keys", "deleted":"0", "process_failed_to_decrypt":"0", "process_pending_decryption":"0", "process_success":"1", "total":"1"}}
{"logTime": "0831/065335", "correlationVector":"Mok9LFFhida/Xi0qXiXj3+","action":"SyncServerConnectionManagerRequest", "result":"SYNC_SERVER_OK", "context":{"environment":"", "migrationStage":"", "server":""}}
{"logTime": "0831/065335", "correlationVector":"Mok9LFFhida/Xi0qXiXj3+.0","action":"EncryptionKeysFetcher.DownloadKeys:", "result":"Success", "context":Key count: 1, Last key timestamp: 2026-06-24T00:58:13Z}
{"logTime": "0831/065335", "correlationVector":"Mok9LFFhida/Xi0qXiXj3+.1","action":"EncryptionKeysManager::SetEncryptionKeys:", "result":"Success", "context":Key names[1]:[i2keZwuWJBJBjLj9FMnGk9q7NonAdz3nxpb+LsD8F8QD2FMY91JID0AGYiCpTtBxUI4m7xuh99q0pr8QU5KhrA==]}
{"logTime": "0831/065335", "correlationVector":"Mok9LFFhida/Xi0qXiXj3+.2","action":"EncryptionKeysManager::SetEncryptionKeysWithTimestamps:", "result":"Success", "context":Key timestamps[1]:[2026-06-24T00:58:13Z]}
{"logTime": "0831/065335", "correlationVector":"tmvqLp/eD3KN1du8wF74Pg","action":"Initial GetUpdates", "result":"", "context":Reason: NEW_CLIENT. cV=tmvqLp/eD3KN1du8wF74Pg}
{"logTime": "0831/065335", "correlationVector":"tmvqLp/eD3KN1du8wF74Pg.3","action":"GetUpdates Response", "result":"Success", "context":Received 1 update(s). cV=tmvqLp/eD3KN1du8wF74Pg.0;server=akswtt003000028;cloudType=Consumer;environment=Prod_southeastasia_prod-s01-065-apac-southeastasia;migrationStage=NotStarted}
{"logTime": "0831/065335", "correlationVector":"fHk2h8L572Veur504z62VG","action":"Initial GetUpdates", "result":"", "context":Reason: NEWLY_SUPPORTED_DATATYPE. cV=fHk2h8L572Veur504z62VG}
{"logTime": "0831/065336", "correlationVector":"fHk2h8L572Veur504z62VG.1","action":"SyncServerConnectionManagerRequest", "result":"SYNC_SERVER_OK", "context":{"environment":"Prod_southeastasia_prod-s01-065-apac-southeastasia", "migrationStage":"NotStarted", "server":"akswtt00300000v"}}
{"logTime": "0831/065336", "correlationVector":"fHk2h8L572Veur504z62VG.2","action":"ProcessGetUpdates", "result":"Done", "context":{"dataType":"Device Info", "deleted":"0", "process_failed_to_decrypt":"0", "process_pending_decryption":"0", "process_success":"1", "total":"1"}}
{"logTime": "0831/065336", "correlationVector":"fHk2h8L572Veur504z62VG.3","action":"GetUpdates Response", "result":"Success", "context":Received 1 update(s). cV=fHk2h8L572Veur504z62VG.0;server=akswtt00300000v;cloudType=Consumer;environment=Prod_southeastasia_prod-s01-065-apac-southeastasia;migrationStage=NotStarted}
{"logTime": "0831/065336", "correlationVector":"PkNLUOP7pQ3Gj/SysocV7b","action":"Initial GetUpdates", "result":"", "context":Reason: NEWLY_SUPPORTED_DATATYPE. cV=PkNLUOP7pQ3Gj/SysocV7b}
{"logTime": "0831/065336", "correlationVector":"PkNLUOP7pQ3Gj/SysocV7b.1","action":"SyncServerConnectionManagerRequest", "result":"SYNC_SERVER_OK", "context":{"environment":"Prod_southeastasia_prod-s01-065-apac-southeastasia", "migrationStage":"NotStarted", "server":"akswtt00300000p"}}
{"logTime": "0831/065336", "correlationVector":"PkNLUOP7pQ3Gj/SysocV7b.2","action":"ProcessGetUpdates", "result":"Done", "context":{"dataType":"Bookmarks", "deleted":"0", "process_failed_to_decrypt":"0", "process_pending_decryption":"0", "process_success":"6", "total":"6"}}
{"logTime": "0831/065336", "correlationVector":"PkNLUOP7pQ3Gj/SysocV7b.3","action":"ProcessGetUpdates", "result":"Done", "context":{"dataType":"Autofill", "deleted":"0", "process_failed_to_decrypt":"0", "process_pending_decryption":"0", "process_success":"1", "total":"1"}}
{"logTime": "0831/065336", "correlationVector":"PkNLUOP7pQ3Gj/SysocV7b.4","action":"GetUpdates Response", "result":"Success", "context":Received 7 update(s). cV=PkNLUOP7pQ3Gj/SysocV7b.0;server=akswtt00300000p;cloudType=Consumer;environment=Prod_southeastasia_prod-s01-065-apac-southeastasia;migrationStage=NotStarted}
{"logTime": "0831/065336", "correlationVector":"LamnBLmddHjDSOl2yEO+/A","action":"Initial GetUpdates", "result":"", "context":Reason: NEWLY_SUPPORTED_DATATYPE. cV=LamnBLmddHjDSOl2yEO+/A}
{"logTime": "0831/065337", "correlationVector":"LamnBLmddHjDSOl2yEO+/A.1","action":"SyncServerConnectionManagerRequest", "result":"SYNC_SERVER_OK", "context":{"environment":"Prod_southeastasia_prod-s01-065-apac-southeastasia", "migrationStage":"NotStarted", "server":"akswtt00300001e"}}
{"logTime": "0831/065337", "correlationVector":"LamnBLmddHjDSOl2yEO+/A.2","action":"GetUpdates Response", "result":"Success", "context":Received 0 update(s). cV=LamnBLmddHjDSOl2yEO+/A.0;server=akswtt00300001e;cloudType=Consumer;environment=Prod_southeastasia_prod-s01-065-apac-southeastasia;migrationStage=NotStarted}
{"logTime": "0831/065337", "correlationVector":"tk8UxYSHX+MQbOLw1pEbrq","action":"Normal GetUpdate request", "result":"", "context":cV=tk8UxYSHX+MQbOLw1pEbrq
Nudged types: Preferences, Autofill, Sessions, Device Info, User Consents
Refresh requested types: Bookmarks, Preferences, Passwords, Autofill Profiles, Autofill, Extensions, Sessions, Extension settings, History Delete Directives, Device Info, User Consents, Send Tab To Self, Web Apps, History, Saved Tab Group, WebAuthn Credentials, Edge Hub App Usage, Edge Workspace, Encryption Keys}
{"logTime": "0831/065337", "correlationVector":"tk8UxYSHX+MQbOLw1pEbrq.1","action":"SyncServerConnectionManagerRequest", "result":"SYNC_SERVER_OK", "context":{"environment":"Prod_southeastasia_prod-s01-065-apac-southeastasia", "migrationStage":"NotStarted", "server":"akswtt00300000o"}}
{"logTime": "0831/065337", "correlationVector":"tk8UxYSHX+MQbOLw1pEbrq.2","action":"GetUpdates Response", "result":"Success", "context":Received 0 update(s). cV=tk8UxYSHX+MQbOLw1pEbrq.0;server=akswtt00300000o;cloudType=Consumer;environment=Prod_southeastasia_prod-s01-065-apac-southeastasia;migrationStage=NotStarted}
{"logTime": "0831/065337", "correlationVector":"ntpx47WfSliJlbLAc1Nok6","action":"Commit Request", "result":"", "context":Item count: 26
Contributing types: Preferences, Autofill, Sessions, Device Info, User Consents}
{"logTime": "0831/065340", "correlationVector":"ntpx47WfSliJlbLAc1Nok6.1","action":"SyncServerConnectionManagerRequest", "result":"SYNC_SERVER_OK", "context":{"environment":"Prod_southeastasia_prod-s01-065-apac-southeastasia", "migrationStage":"NotStarted", "server":"akswtt00300000z"}}
{"logTime": "0831/065340", "correlationVector":"ntpx47WfSliJlbLAc1Nok6.2","action":"Commit Response", "result":"Success", "context":Result: Success. cV=ntpx47WfSliJlbLAc1Nok6.0;server=akswtt00300000z;cloudType=Consumer;environment=Prod_southeastasia_prod-s01-065-apac-southeastasia;migrationStage=NotStarted}
{"logTime": "0831/065341", "correlationVector":"eF3yEDovmNNUxXroJybkem","action":"Commit Request", "result":"", "context":Item count: 5
Contributing types: Sessions, History}
{"logTime": "0831/065342", "correlationVector":"eF3yEDovmNNUxXroJybkem.1","action":"SyncServerConnectionManagerRequest", "result":"SYNC_SERVER_OK", "context":{"environment":"Prod_southeastasia_prod-s01-065-apac-southeastasia", "migrationStage":"NotStarted", "server":"akswtt00300001i"}}
{"logTime": "0831/065342", "correlationVector":"eF3yEDovmNNUxXroJybkem.2","action":"Commit Response", "result":"Success", "context":Result: Success. cV=eF3yEDovmNNUxXroJybkem.0;server=akswtt00300001i;cloudType=Consumer;environment=Prod_southeastasia_prod-s01-065-apac-southeastasia;migrationStage=NotStarted}
{"logTime": "0831/065347", "correlationVector":"4u9oVhnLLZI0o3dabjy9Qk","action":"Commit Request", "result":"", "context":Item count: 4
Contributing types: Autofill, Sessions, History}
{"logTime": "0831/065348", "correlationVector":"4u9oVhnLLZI0o3dabjy9Qk.1","action":"SyncServerConnectionManagerRequest", "result":"SYNC_SERVER_OK", "context":{"environment":"Prod_southeastasia_prod-s01-065-apac-southeastasia", "migrationStage":"NotStarted", "server":"akswtt00300000u"}}
{"logTime": "0831/065348", "correlationVector":"4u9oVhnLLZI0o3dabjy9Qk.2","action":"Commit Response", "result":"Success", "context":Result: Success. cV=4u9oVhnLLZI0o3dabjy9Qk.0;server=akswtt00300000u;cloudType=Consumer;environment=Prod_southeastasia_prod-s01-065-apac-southeastasia;migrationStage=NotStarted}
{"logTime": "0831/065449", "correlationVector":"qzwfXnBfZJtvktCHwNVzpQ","action":"Commit Request", "result":"", "context":Item count: 3
Contributing types: Sessions, History}
{"logTime": "0831/065450", "correlationVector":"qzwfXnBfZJtvktCHwNVzpQ.1","action":"SyncServerConnectionManagerRequest", "result":"SYNC_SERVER_OK", "context":{"environment":"Prod_southeastasia_prod-s01-065-apac-southeastasia", "migrationStage":"NotStarted", "server":"akswtt003000001"}}
{"logTime": "0831/065450", "correlationVector":"qzwfXnBfZJtvktCHwNVzpQ.2","action":"Commit Response", "result":"Success", "context":Result: Success. cV=qzwfXnBfZJtvktCHwNVzpQ.0;server=akswtt003000001;cloudType=Consumer;environment=Prod_southeastasia_prod-s01-065-apac-southeastasia;migrationStage=NotStarted}
{"logTime": "0831/070350", "correlationVector":"g9LsXDisCegOqwZlne/FEo","action":"Normal GetUpdate request", "result":"", "context":cV=g9LsXDisCegOqwZlne/FEo
Nudged types: Sessions, History
Refresh requested types: Bookmarks, Preferences, Passwords, Autofill Profiles, Autofill, Extensions, Sessions, Extension settings, History Delete Directives, Device Info, User Consents, Send Tab To Self, Web Apps, History, Saved Tab Group, WebAuthn Credentials, Edge Hub App Usage, Edge Workspace, Encryption Keys}
{"logTime": "0831/070350", "correlationVector":"g9LsXDisCegOqwZlne/FEo.1","action":"SyncServerConnectionManagerRequest", "result":"SYNC_SERVER_OK", "context":{"environment":"Prod_southeastasia_prod-s01-065-apac-southeastasia", "migrationStage":"NotStarted", "server":"akswtt003000009"}}
{"logTime": "0831/070350", "correlationVector":"g9LsXDisCegOqwZlne/FEo.2","action":"ProcessGetUpdates", "result":"Done", "context":{"dataType":"Preferences", "deleted":"0", "process_failed_to_decrypt":"0", "process_pending_decryption":"0", "process_success":"19", "total":"19"}}
{"logTime": "0831/070350", "correlationVector":"g9LsXDisCegOqwZlne/FEo.3","action":"ProcessGetUpdates", "result":"Done", "context":{"dataType":"Autofill", "deleted":"0", "process_failed_to_decrypt":"0", "process_pending_decryption":"0", "process_success":"3", "total":"3"}}
{"logTime": "0831/070350", "correlationVector":"g9LsXDisCegOqwZlne/FEo.4","action":"ProcessGetUpdates", "result":"Done", "context":{"dataType":"Sessions", "deleted":"0", "process_failed_to_decrypt":"0", "process_pending_decryption":"0", "process_success":"2", "total":"2"}}
{"logTime": "0831/070350", "correlationVector":"g9LsXDisCegOqwZlne/FEo.5","action":"ProcessGetUpdates", "result":"Done", "context":{"dataType":"Device Info", "deleted":"0", "process_failed_to_decrypt":"0", "process_pending_decryption":"0", "process_success":"1", "total":"1"}}
{"logTime": "0831/070350", "correlationVector":"g9LsXDisCegOqwZlne/FEo.6","action":"ProcessGetUpdates", "result":"Done", "context":{"dataType":"History", "deleted":"0", "process_failed_to_decrypt":"0", "process_pending_decryption":"0", "process_success":"6", "total":"6"}}
{"logTime": "0831/070350", "correlationVector":"g9LsXDisCegOqwZlne/FEo.7","action":"GetUpdates Response", "result":"Success", "context":Received 31 update(s). cV=g9LsXDisCegOqwZlne/FEo.0;server=akswtt003000009;cloudType=Consumer;environment=Prod_southeastasia_prod-s01-065-apac-southeastasia;migrationStage=NotStarted}
{"logTime": "0831/070350", "correlationVector":"Oja+b6jVMNqjIp+MrIvdEr","action":"Commit Request", "result":"", "context":Item count: 6
Contributing types: Sessions, History}
{"logTime": "0831/070351", "correlationVector":"Oja+b6jVMNqjIp+MrIvdEr.1","action":"SyncServerConnectionManagerRequest", "result":"SYNC_SERVER_OK", "context":{"environment":"Prod_southeastasia_prod-s01-065-apac-southeastasia", "migrationStage":"NotStarted", "server":"akswtt00300001a"}}
{"logTime": "0831/070351", "correlationVector":"Oja+b6jVMNqjIp+MrIvdEr.2","action":"Commit Response", "result":"Success", "context":Result: Success. cV=Oja+b6jVMNqjIp+MrIvdEr.0;server=akswtt00300001a;cloudType=Consumer;environment=Prod_southeastasia_prod-s01-065-apac-southeastasia;migrationStage=NotStarted}
{"logTime": "0831/070808", "correlationVector":"K4YPDaK+DuSw/Tp4jXlpHN","action":"Normal GetUpdate request", "result":"", "context":cV=K4YPDaK+DuSw/Tp4jXlpHN
Nudged types: Sessions, History
Refresh requested types: Bookmarks, Preferences, Passwords, Autofill Profiles, Autofill, Extensions, Sessions, Extension settings, History Delete Directives, Device Info, User Consents, Send Tab To Self, Web Apps, History, Saved Tab Group, WebAuthn Credentials, Edge Hub App Usage, Edge Workspace, Encryption Keys}
{"logTime": "0831/070808", "correlationVector":"K4YPDaK+DuSw/Tp4jXlpHN.1","action":"SyncServerConnectionManagerRequest", "result":"SYNC_SERVER_OK", "context":{"environment":"Prod_southeastasia_prod-s01-065-apac-southeastasia", "migrationStage":"NotStarted", "server":"akswtt003000027"}}
{"logTime": "0831/070808", "correlationVector":"K4YPDaK+DuSw/Tp4jXlpHN.2","action":"ProcessGetUpdates", "result":"Done", "context":{"dataType":"Sessions", "deleted":"0", "process_failed_to_decrypt":"0", "process_pending_decryption":"0", "process_success":"2", "total":"2"}}
{"logTime": "0831/070808", "correlationVector":"K4YPDaK+DuSw/Tp4jXlpHN.3","action":"ProcessGetUpdates", "result":"Done", "context":{"dataType":"History", "deleted":"0", "process_failed_to_decrypt":"0", "process_pending_decryption":"0", "process_success":"4", "total":"4"}}
{"logTime": "0831/070808", "correlationVector":"K4YPDaK+DuSw/Tp4jXlpHN.4","action":"GetUpdates Response", "result":"Success", "context":Received 6 update(s). cV=K4YPDaK+DuSw/Tp4jXlpHN.0;server=akswtt003000027;cloudType=Consumer;environment=Prod_southeastasia_prod-s01-065-apac-southeastasia;migrationStage=NotStarted}
{"logTime": "0831/070808", "correlationVector":"G9EnB+FHXr7pK2LEKlWTF7","action":"Commit Request", "result":"", "context":Item count: 4
Contributing types: Sessions, History}
{"logTime": "0831/070809", "correlationVector":"G9EnB+FHXr7pK2LEKlWTF7.1","action":"SyncServerConnectionManagerRequest", "result":"SYNC_SERVER_OK", "context":{"environment":"Prod_southeastasia_prod-s01-065-apac-southeastasia", "migrationStage":"NotStarted", "server":"akswtt003000010"}}
{"logTime": "0831/070809", "correlationVector":"G9EnB+FHXr7pK2LEKlWTF7.2","action":"Commit Response", "result":"Success", "context":Result: Success. cV=G9EnB+FHXr7pK2LEKlWTF7.0;server=akswtt003000010;cloudType=Consumer;environment=Prod_southeastasia_prod-s01-065-apac-southeastasia;migrationStage=NotStarted}
{"logTime": "0831/072908", "correlationVector":"ymU3joV0xeZ+DMaXf+Q3Yc","action":"Normal GetUpdate request", "result":"", "context":cV=ymU3joV0xeZ+DMaXf+Q3Yc
Nudged types: Sessions, History
Refresh requested types: Bookmarks, Preferences, Passwords, Autofill Profiles, Autofill, Extensions, Sessions, Extension settings, History Delete Directives, Device Info, User Consents, Send Tab To Self, Web Apps, History, Saved Tab Group, WebAuthn Credentials, Edge Hub App Usage, Edge Workspace, Encryption Keys}
{"logTime": "0831/072908", "correlationVector":"ymU3joV0xeZ+DMaXf+Q3Yc.1","action":"SyncServerConnectionManagerRequest", "result":"SYNC_SERVER_OK", "context":{"environment":"Prod_southeastasia_prod-s01-064-apac-southeastasia", "migrationStage":"NotStarted", "server":"akswtt00300000e"}}
{"logTime": "0831/072908", "correlationVector":"ymU3joV0xeZ+DMaXf+Q3Yc.2","action":"ProcessGetUpdates", "result":"Done", "context":{"dataType":"Sessions", "deleted":"0", "process_failed_to_decrypt":"0", "process_pending_decryption":"0", "process_success":"3", "total":"3"}}
{"logTime": "0831/072908", "correlationVector":"ymU3joV0xeZ+DMaXf+Q3Yc.3","action":"ProcessGetUpdates", "result":"Done", "context":{"dataType":"History", "deleted":"0", "process_failed_to_decrypt":"0", "process_pending_decryption":"0", "process_success":"1", "total":"1"}}
{"logTime": "0831/072908", "correlationVector":"ymU3joV0xeZ+DMaXf+Q3Yc.4","action":"GetUpdates Response", "result":"Success", "context":Received 4 update(s). cV=ymU3joV0xeZ+DMaXf+Q3Yc.0;server=akswtt00300000e;cloudType=Consumer;environment=Prod_southeastasia_prod-s01-064-apac-southeastasia;migrationStage=NotStarted}
{"logTime": "0831/072908", "correlationVector":"W9fpvxcz2HqRA+cD12FLbF","action":"Commit Request", "result":"", "context":Item count: 5
Contributing types: Sessions, History}
{"logTime": "0831/072909", "correlationVector":"W9fpvxcz2HqRA+cD12FLbF.1","action":"SyncServerConnectionManagerRequest", "result":"SYNC_SERVER_OK", "context":{"environment":"Prod_southeastasia_prod-s01-064-apac-southeastasia", "migrationStage":"NotStarted", "server":"akswtt00300000e"}}
{"logTime": "0831/072909", "correlationVector":"W9fpvxcz2HqRA+cD12FLbF.2","action":"Commit Response", "result":"Success", "context":Result: Success. cV=W9fpvxcz2HqRA+cD12FLbF.0;server=akswtt00300000e;cloudType=Consumer;environment=Prod_southeastasia_prod-s01-064-apac-southeastasia;migrationStage=NotStarted}
{"logTime": "0831/072909", "correlationVector":"W9fpvxcz2HqRA+cD12FLbF.3","action":"Commit.Sessions", "result":"Success", "context":{"id":"05173ec9-bbb2-4d77-8242-576fc1e17008", "isDeleted":"true", "size":"0", "version":"1788160088066"}}
{"logTime": "0831/073644", "correlationVector":"vKaMHilkHUT9eOqOrptLE9","action":"Normal GetUpdate request", "result":"", "context":cV=vKaMHilkHUT9eOqOrptLE9
Nudged types: Sessions, History
Refresh requested types: Bookmarks, Preferences, Passwords, Autofill Profiles, Autofill, Extensions, Sessions, Extension settings, History Delete Directives, Device Info, User Consents, Send Tab To Self, Web Apps, History, Saved Tab Group, WebAuthn Credentials, Edge Hub App Usage, Edge Workspace, Encryption Keys}
{"logTime": "0831/073644", "correlationVector":"vKaMHilkHUT9eOqOrptLE9.1","action":"SyncServerConnectionManagerRequest", "result":"SYNC_SERVER_OK", "context":{"environment":"Prod_southeastasia_prod-s01-064-apac-southeastasia", "migrationStage":"NotStarted", "server":"akswtt00300001c"}}
{"logTime": "0831/073644", "correlationVector":"vKaMHilkHUT9eOqOrptLE9.2","action":"ProcessGetUpdates", "result":"Done", "context":{"dataType":"Sessions", "deleted":"1", "process_failed_to_decrypt":"0", "process_pending_decryption":"0", "process_success":"3", "total":"3"}}
{"logTime": "0831/073644", "correlationVector":"vKaMHilkHUT9eOqOrptLE9.3","action":"ProcessGetUpdates", "result":"Done", "context":{"dataType":"History", "deleted":"0", "process_failed_to_decrypt":"0", "process_pending_decryption":"0", "process_success":"2", "total":"2"}}
{"logTime": "0831/073644", "correlationVector":"vKaMHilkHUT9eOqOrptLE9.4","action":"GetUpdates Response", "result":"Success", "context":Received 5 update(s). cV=vKaMHilkHUT9eOqOrptLE9.0;server=akswtt00300001c;cloudType=Consumer;environment=Prod_southeastasia_prod-s01-064-apac-southeastasia;migrationStage=NotStarted}
{"logTime": "0831/073644", "correlationVector":"GAQh+OQbjYPfpr2j/t+3OK","action":"Commit Request", "result":"", "context":Item count: 7
Contributing types: Sessions, History}
{"logTime": "0831/073645", "correlationVector":"GAQh+OQbjYPfpr2j/t+3OK.1","action":"SyncServerConnectionManagerRequest", "result":"SYNC_SERVER_OK", "context":{"environment":"Prod_southeastasia_prod-s01-064-apac-southeastasia", "migrationStage":"NotStarted", "server":"akswtt00300000y"}}
{"logTime": "0831/073645", "correlationVector":"GAQh+OQbjYPfpr2j/t+3OK.2","action":"Commit Response", "result":"Success", "context":Result: Success. cV=GAQh+OQbjYPfpr2j/t+3OK.0;server=akswtt00300000y;cloudType=Consumer;environment=Prod_southeastasia_prod-s01-064-apac-southeastasia;migrationStage=NotStarted}
{"logTime": "0831/080219", "correlationVector":"uA4MXY8v0GsEFnsLQlm1yu","action":"Normal GetUpdate request", "result":"", "context":cV=uA4MXY8v0GsEFnsLQlm1yu
Nudged types: Sessions, History
Refresh requested types: Bookmarks, Preferences, Passwords, Autofill Profiles, Autofill, Extensions, Sessions, Extension settings, History Delete Directives, Device Info, User Consents, Send Tab To Self, Web Apps, History, Saved Tab Group, WebAuthn Credentials, Edge Hub App Usage, Edge Workspace, Encryption Keys}
{"logTime": "0831/080219", "correlationVector":"uA4MXY8v0GsEFnsLQlm1yu.1","action":"SyncServerConnectionManagerRequest", "result":"SYNC_SERVER_OK", "context":{"environment":"Prod_southeastasia_prod-s01-065-apac-southeastasia", "migrationStage":"NotStarted", "server":"akswtt00300000m"}}
{"logTime": "0831/080219", "correlationVector":"uA4MXY8v0GsEFnsLQlm1yu.2","action":"ProcessGetUpdates", "result":"Done", "context":{"dataType":"Sessions", "deleted":"0", "process_failed_to_decrypt":"0", "process_pending_decryption":"0", "process_success":"3", "total":"3"}}
{"logTime": "0831/080219", "correlationVector":"uA4MXY8v0GsEFnsLQlm1yu.3","action":"ProcessGetUpdates", "result":"Done", "context":{"dataType":"History", "deleted":"0", "process_failed_to_decrypt":"0", "process_pending_decryption":"0", "process_success":"4", "total":"4"}}
{"logTime": "0831/080219", "correlationVector":"uA4MXY8v0GsEFnsLQlm1yu.4","action":"GetUpdates Response", "result":"Success", "context":Received 7 update(s). cV=uA4MXY8v0GsEFnsLQlm1yu.0;server=akswtt00300000m;cloudType=Consumer;environment=Prod_southeastasia_prod-s01-065-apac-southeastasia;migrationStage=NotStarted}
{"logTime": "0831/080219", "correlationVector":"h3FVoAijJeI6EB41bSNXlk","action":"Commit Request", "result":"", "context":Item count: 17
Contributing types: Sessions, History}
{"logTime": "0831/080221", "correlationVector":"h3FVoAijJeI6EB41bSNXlk.1","action":"SyncServerConnectionManagerRequest", "result":"SYNC_SERVER_OK", "context":{"environment":"Prod_southeastasia_prod-s01-065-apac-southeastasia", "migrationStage":"NotStarted", "server":"akswtt003000006"}}
{"logTime": "0831/080221", "correlationVector":"h3FVoAijJeI6EB41bSNXlk.2","action":"Commit Response", "result":"Success", "context":Result: Success. cV=h3FVoAijJeI6EB41bSNXlk.0;server=akswtt003000006;cloudType=Consumer;environment=Prod_southeastasia_prod-s01-065-apac-southeastasia;migrationStage=NotStarted}
{"logTime": "0831/080221", "correlationVector":"h3FVoAijJeI6EB41bSNXlk.3","action":"Commit.Sessions", "result":"Success", "context":{"id":"e00e426f-b55f-4d34-a4c1-6cd2cc140acd", "isDeleted":"true", "size":"0", "version":"1788161804409"}}
{"logTime": "0831/090402", "correlationVector":"OTS005bsBZE8diERHRVrlH","action":"Normal GetUpdate request", "result":"", "context":cV=OTS005bsBZE8diERHRVrlH
Nudged types: Sessions, History
Refresh requested types: Bookmarks, Preferences, Passwords, Autofill Profiles, Autofill, Extensions, Sessions, Extension settings, History Delete Directives, Device Info, User Consents, Send Tab To Self, Web Apps, History, Saved Tab Group, WebAuthn Credentials, Edge Hub App Usage, Edge Workspace, Encryption Keys}
{"logTime": "0831/090403", "correlationVector":"OTS005bsBZE8diERHRVrlH.1","action":"SyncServerConnectionManagerRequest", "result":"SYNC_SERVER_OK", "context":{"environment":"Prod_southeastasia_prod-s01-064-apac-southeastasia", "migrationStage":"NotStarted", "server":"akswtt00300000v"}}
{"logTime": "0831/090403", "correlationVector":"OTS005bsBZE8diERHRVrlH.2","action":"ProcessGetUpdates", "result":"Done", "context":{"dataType":"Sessions", "deleted":"1", "process_failed_to_decrypt":"0", "process_pending_decryption":"0", "process_success":"3", "total":"3"}}
{"logTime": "0831/090403", "correlationVector":"OTS005bsBZE8diERHRVrlH.3","action":"ProcessGetUpdates", "result":"Done", "context":{"dataType":"History", "deleted":"0", "process_failed_to_decrypt":"0", "process_pending_decryption":"0", "process_success":"14", "total":"14"}}
{"logTime": "0831/090403", "correlationVector":"OTS005bsBZE8diERHRVrlH.4","action":"GetUpdates Response", "result":"Success", "context":Received 17 update(s). cV=OTS005bsBZE8diERHRVrlH.0;server=akswtt00300000v;cloudType=Consumer;environment=Prod_southeastasia_prod-s01-064-apac-southeastasia;migrationStage=NotStarted}
{"logTime": "0831/090403", "correlationVector":"b5Gv7JBZ/b3OyipPq95/jB","action":"Commit Request", "result":"", "context":Item count: 15
Contributing types: Sessions, History}
{"logTime": "0831/090404", "correlationVector":"b5Gv7JBZ/b3OyipPq95/jB.1","action":"SyncServerConnectionManagerRequest", "result":"SYNC_SERVER_OK", "context":{"environment":"Prod_southeastasia_prod-s01-064-apac-southeastasia", "migrationStage":"NotStarted", "server":"akswtt00300001f"}}
{"logTime": "0831/090404", "correlationVector":"b5Gv7JBZ/b3OyipPq95/jB.2","action":"Commit Response", "result":"Success", "context":Result: Success. cV=b5Gv7JBZ/b3OyipPq95/jB.0;server=akswtt00300001f;cloudType=Consumer;environment=Prod_southeastasia_prod-s01-064-apac-southeastasia;migrationStage=NotStarted}
{"logTime": "0831/090613", "correlationVector":"v8bEwz6qS8w5xMruAPA9/F","action":"Normal GetUpdate request", "result":"", "context":cV=v8bEwz6qS8w5xMruAPA9/F
Nudged types: Sessions, History
Refresh requested types: Bookmarks, Preferences, Passwords, Autofill Profiles, Autofill, Extensions, Sessions, Extension settings, History Delete Directives, Device Info, User Consents, Send Tab To Self, Web Apps, History, Saved Tab Group, WebAuthn Credentials, Edge Hub App Usage, Edge Workspace, Encryption Keys}
{"logTime": "0831/090614", "correlationVector":"v8bEwz6qS8w5xMruAPA9/F.1","action":"SyncServerConnectionManagerRequest", "result":"SYNC_SERVER_OK", "context":{"environment":"Prod_southeastasia_prod-s01-065-apac-southeastasia", "migrationStage":"NotStarted", "server":"akswtt003000011"}}
{"logTime": "0831/090614", "correlationVector":"v8bEwz6qS8w5xMruAPA9/F.2","action":"ProcessGetUpdates", "result":"Done", "context":{"dataType":"Sessions", "deleted":"0", "process_failed_to_decrypt":"0", "process_pending_decryption":"0", "process_success":"2", "total":"2"}}
{"logTime": "0831/090614", "correlationVector":"v8bEwz6qS8w5xMruAPA9/F.3","action":"ProcessGetUpdates", "result":"Done", "context":{"dataType":"History", "deleted":"0", "process_failed_to_decrypt":"0", "process_pending_decryption":"0", "process_success":"13", "total":"13"}}
{"logTime": "0831/090614", "correlationVector":"v8bEwz6qS8w5xMruAPA9/F.4","action":"GetUpdates Response", "result":"Success", "context":Received 15 update(s). cV=v8bEwz6qS8w5xMruAPA9/F.0;server=akswtt003000011;cloudType=Consumer;environment=Prod_southeastasia_prod-s01-065-apac-southeastasia;migrationStage=NotStarted}
{"logTime": "0831/090614", "correlationVector":"WXuXYrWkBfllWhVJADTDGD","action":"Commit Request", "result":"", "context":Item count: 5
Contributing types: Sessions, History}
{"logTime": "0831/090614", "correlationVector":"WXuXYrWkBfllWhVJADTDGD.1","action":"SyncServerConnectionManagerRequest", "result":"SYNC_SERVER_OK", "context":{"environment":"Prod_southeastasia_prod-s01-065-apac-southeastasia", "migrationStage":"NotStarted", "server":"akswtt00300001c"}}
{"logTime": "0831/090614", "correlationVector":"WXuXYrWkBfllWhVJADTDGD.2","action":"Commit Response", "result":"Success", "context":Result: Success. cV=WXuXYrWkBfllWhVJADTDGD.0;server=akswtt00300001c;cloudType=Consumer;environment=Prod_southeastasia_prod-s01-065-apac-southeastasia;migrationStage=NotStarted}
{"logTime": "0831/092336", "correlationVector":"KQzxhcX3OVfys+MP3Lw019","action":"Normal GetUpdate request", "result":"", "context":cV=KQzxhcX3OVfys+MP3Lw019
Nudged types: Sessions, History
Refresh requested types: Bookmarks, Preferences, Passwords, Autofill Profiles, Autofill, Extensions, Sessions, Extension settings, History Delete Directives, Device Info, User Consents, Send Tab To Self, Web Apps, History, Saved Tab Group, WebAuthn Credentials, Edge Hub App Usage, Edge Workspace, Encryption Keys}
{"logTime": "0831/092337", "correlationVector":"KQzxhcX3OVfys+MP3Lw019.1","action":"SyncServerConnectionManagerRequest", "result":"SYNC_SERVER_OK", "context":{"environment":"Prod_southeastasia_prod-s01-065-apac-southeastasia", "migrationStage":"NotStarted", "server":"akswtt00300000t"}}
{"logTime": "0831/092337", "correlationVector":"KQzxhcX3OVfys+MP3Lw019.2","action":"ProcessGetUpdates", "result":"Done", "context":{"dataType":"Sessions", "deleted":"0", "process_failed_to_decrypt":"0", "process_pending_decryption":"0", "process_success":"3", "total":"3"}}
{"logTime": "0831/092337", "correlationVector":"KQzxhcX3OVfys+MP3Lw019.3","action":"ProcessGetUpdates", "result":"Done", "context":{"dataType":"History", "deleted":"0", "process_failed_to_decrypt":"0", "process_pending_decryption":"0", "process_success":"2", "total":"2"}}
{"logTime": "0831/092337", "correlationVector":"KQzxhcX3OVfys+MP3Lw019.4","action":"GetUpdates Response", "result":"Success", "context":Received 5 update(s). cV=KQzxhcX3OVfys+MP3Lw019.0;server=akswtt00300000t;cloudType=Consumer;environment=Prod_southeastasia_prod-s01-065-apac-southeastasia;migrationStage=NotStarted}
{"logTime": "0831/092337", "correlationVector":"cqA8ns1Ff9STgz4zS/b4dZ","action":"Commit Request", "result":"", "context":Item count: 34
Contributing types: Sessions, History}
{"logTime": "0831/092341", "correlationVector":"cqA8ns1Ff9STgz4zS/b4dZ.1","action":"SyncServerConnectionManagerRequest", "result":"SYNC_SERVER_OK", "context":{"environment":"Prod_southeastasia_prod-s01-065-apac-southeastasia", "migrationStage":"NotStarted", "server":"akswtt00300000y"}}
{"logTime": "0831/092341", "correlationVector":"cqA8ns1Ff9STgz4zS/b4dZ.3","action":"Commit.Sessions", "result":"Success", "context":{"id":"083b1d57-5c26-4d09-87bf-5f4fa2e1ddde", "isDeleted":"true", "size":"0", "version":"1788167173554"}}
{"logTime": "0831/092341", "correlationVector":"cqA8ns1Ff9STgz4zS/b4dZ.2","action":"Commit Response", "result":"Success", "context":Result: Success. cV=cqA8ns1Ff9STgz4zS/b4dZ.0;server=akswtt00300000y;cloudType=Consumer;environment=Prod_southeastasia_prod-s01-065-apac-southeastasia;migrationStage=NotStarted}
{"logTime": "0831/093918", "correlationVector":"yxc47sd3OLsiqOY3OagCbY","action":"Normal GetUpdate request", "result":"", "context":cV=yxc47sd3OLsiqOY3OagCbY
Nudged types: Sessions, History
Refresh requested types: Bookmarks, Preferences, Passwords, Autofill Profiles, Autofill, Extensions, Sessions, Extension settings, History Delete Directives, Device Info, User Consents, Send Tab To Self, Web Apps, History, Saved Tab Group, WebAuthn Credentials, Edge Hub App Usage, Edge Workspace, Encryption Keys}
{"logTime": "0831/093918", "correlationVector":"yxc47sd3OLsiqOY3OagCbY.1","action":"SyncServerConnectionManagerRequest", "result":"SYNC_SERVER_OK", "context":{"environment":"Prod_southeastasia_prod-s01-065-apac-southeastasia", "migrationStage":"NotStarted", "server":"akswtt003000028"}}
{"logTime": "0831/093918", "correlationVector":"yxc47sd3OLsiqOY3OagCbY.2","action":"ProcessGetUpdates", "result":"Done", "context":{"dataType":"Sessions", "deleted":"1", "process_failed_to_decrypt":"0", "process_pending_decryption":"0", "process_success":"3", "total":"3"}}
{"logTime": "0831/093918", "correlationVector":"yxc47sd3OLsiqOY3OagCbY.3","action":"ProcessGetUpdates", "result":"Done", "context":{"dataType":"History", "deleted":"0", "process_failed_to_decrypt":"0", "process_pending_decryption":"0", "process_success":"31", "total":"31"}}
{"logTime": "0831/093918", "correlationVector":"yxc47sd3OLsiqOY3OagCbY.4","action":"GetUpdates Response", "result":"Success", "context":Received 34 update(s). cV=yxc47sd3OLsiqOY3OagCbY.0;server=akswtt003000028;cloudType=Consumer;environment=Prod_southeastasia_prod-s01-065-apac-southeastasia;migrationStage=NotStarted}
{"logTime": "0831/093918", "correlationVector":"2N97xwjNYPDxgxwsPdixqM","action":"Commit Request", "result":"", "context":Item count: 18
Contributing types: Sessions, History}
{"logTime": "0831/093921", "correlationVector":"2N97xwjNYPDxgxwsPdixqM.1","action":"SyncServerConnectionManagerRequest", "result":"SYNC_SERVER_OK", "context":{"environment":"Prod_southeastasia_prod-s01-065-apac-southeastasia", "migrationStage":"NotStarted", "server":"akswtt003000028"}}
{"logTime": "0831/093921", "correlationVector":"2N97xwjNYPDxgxwsPdixqM.2","action":"Commit Response", "result":"Success", "context":Result: Success. cV=2N97xwjNYPDxgxwsPdixqM.0;server=akswtt003000028;cloudType=Consumer;environment=Prod_southeastasia_prod-s01-065-apac-southeastasia;migrationStage=NotStarted}
{"logTime": "0901/021652", "correlationVector":"GOQjZf9JNFL8oyNrG20QCN","action":"Normal GetUpdate request", "result":"", "context":cV=GOQjZf9JNFL8oyNrG20QCN
Nudged types: Sessions, History
Refresh requested types: Bookmarks, Preferences, Passwords, Autofill Profiles, Autofill, Extensions, Sessions, Extension settings, History Delete Directives, Device Info, User Consents, Send Tab To Self, Web Apps, History, Saved Tab Group, WebAuthn Credentials, Edge Hub App Usage, Edge Workspace, Encryption Keys}
{"logTime": "0901/021652", "correlationVector":"GOQjZf9JNFL8oyNrG20QCN.1","action":"SyncServerConnectionManagerRequest", "result":"SYNC_SERVER_OK", "context":{"environment":"Prod_southeastasia_prod-s01-065-apac-southeastasia", "migrationStage":"NotStarted", "server":"akswtt00300000v"}}
{"logTime": "0901/021652", "correlationVector":"GOQjZf9JNFL8oyNrG20QCN.2","action":"ProcessGetUpdates", "result":"Done", "context":{"dataType":"Sessions", "deleted":"0", "process_failed_to_decrypt":"0", "process_pending_decryption":"0", "process_success":"2", "total":"2"}}
{"logTime": "0901/021652", "correlationVector":"GOQjZf9JNFL8oyNrG20QCN.3","action":"ProcessGetUpdates", "result":"Done", "context":{"dataType":"History", "deleted":"0", "process_failed_to_decrypt":"0", "process_pending_decryption":"0", "process_success":"16", "total":"16"}}
{"logTime": "0901/021652", "correlationVector":"GOQjZf9JNFL8oyNrG20QCN.4","action":"GetUpdates Response", "result":"Success", "context":Received 18 update(s). cV=GOQjZf9JNFL8oyNrG20QCN.0;server=akswtt00300000v;cloudType=Consumer;environment=Prod_southeastasia_prod-s01-065-apac-southeastasia;migrationStage=NotStarted}
{"logTime": "0901/021652", "correlationVector":"DO27lO0ovn+Fa/10BT3Yui","action":"Commit Request", "result":"", "context":Item count: 18
Contributing types: Sessions, History}
{"logTime": "0901/021654", "correlationVector":"DO27lO0ovn+Fa/10BT3Yui.1","action":"SyncServerConnectionManagerRequest", "result":"SYNC_SERVER_OK", "context":{"environment":"Prod_southeastasia_prod-s01-065-apac-southeastasia", "migrationStage":"NotStarted", "server":"akswtt00300000s"}}
{"logTime": "0901/021654", "correlationVector":"DO27lO0ovn+Fa/10BT3Yui.2","action":"Commit Response", "result":"Success", "context":Result: Success. cV=DO27lO0ovn+Fa/10BT3Yui.0;server=akswtt00300000s;cloudType=Consumer;environment=Prod_southeastasia_prod-s01-065-apac-southeastasia;migrationStage=NotStarted}
{"logTime": "0901/021654", "correlationVector":"cJA6WLLTC6tqZsIS5asPkx","action":"Commit Request", "result":"", "context":Item count: 2
Contributing types: Sessions, History}
{"logTime": "0901/021655", "correlationVector":"cJA6WLLTC6tqZsIS5asPkx.1","action":"SyncServerConnectionManagerRequest", "result":"SYNC_SERVER_OK", "context":{"environment":"Prod_southeastasia_prod-s01-065-apac-southeastasia", "migrationStage":"NotStarted", "server":"akswtt00300000m"}}
{"logTime": "0901/021655", "correlationVector":"cJA6WLLTC6tqZsIS5asPkx.2","action":"Commit Response", "result":"Success", "context":Result: Success. cV=cJA6WLLTC6tqZsIS5asPkx.0;server=akswtt00300000m;cloudType=Consumer;environment=Prod_southeastasia_prod-s01-065-apac-southeastasia;migrationStage=NotStarted}
{"logTime": "0901/021655", "correlationVector":"Bpdwd29rLSm6csV7zRNVRT","action":"Poll GetUpdate request", "result":"", "context":cV=Bpdwd29rLSm6csV7zRNVRT}
{"logTime": "0901/021655", "correlationVector":"Bpdwd29rLSm6csV7zRNVRT.1","action":"SyncServerConnectionManagerRequest", "result":"SYNC_SERVER_OK", "context":{"environment":"Prod_southeastasia_prod-s01-065-apac-southeastasia", "migrationStage":"NotStarted", "server":"akswtt003000016"}}
{"logTime": "0901/021655", "correlationVector":"Bpdwd29rLSm6csV7zRNVRT.2","action":"ProcessGetUpdates", "result":"Done", "context":{"dataType":"Sessions", "deleted":"0", "process_failed_to_decrypt":"0", "process_pending_decryption":"0", "process_success":"2", "total":"2"}}
{"logTime": "0901/021655", "correlationVector":"Bpdwd29rLSm6csV7zRNVRT.3","action":"ProcessGetUpdates", "result":"Done", "context":{"dataType":"History", "deleted":"0", "process_failed_to_decrypt":"0", "process_pending_decryption":"0", "process_success":"16", "total":"16"}}
{"logTime": "0901/021655", "correlationVector":"Bpdwd29rLSm6csV7zRNVRT.4","action":"GetUpdates Response", "result":"Success", "context":Received 18 update(s). cV=Bpdwd29rLSm6csV7zRNVRT.0;server=akswtt003000016;cloudType=Consumer;environment=Prod_southeastasia_prod-s01-065-apac-southeastasia;migrationStage=NotStarted}
{"logTime": "0901/021655", "correlationVector":"Uoye+hreyXMQnVoWtCDZMS","action":"DoCompareDataConsistency requsted types: ", "result":"Bookmarks, Preferences, Passwords, Extensions, Extension settings, History Delete Directives, Send Tab To Self, Web Apps, History, Saved Tab Group, WebAuthn Credentials, Edge Workspace, Encryption Keys"}
{"logTime": "0901/021655", "correlationVector":"Uoye+hreyXMQnVoWtCDZMS.0","action":"CompareDataConsistency result: ", "result":"Compare result: Encryption Keys is consistent. local entities count is: 1 local entities hash is: q7uYgApbRqVwcQV2DTjTVn8WZY0="}
{"logTime": "0901/021655", "correlationVector":"Uoye+hreyXMQnVoWtCDZMS.1","action":"CompareDataConsistency result: ", "result":"Compare result: Bookmarks is consistent. local entities count is: 0 local entities hash is: "}
{"logTime": "0901/021655", "correlationVector":"Uoye+hreyXMQnVoWtCDZMS.2","action":"CompareDataConsistency result: ", "result":"Compare result: Preferences is consistent. local entities count is: 19 local entities hash is: dWkOaVcIhdJDwYMCB1P5FN99DSc="}
{"logTime": "0901/021655", "correlationVector":"Uoye+hreyXMQnVoWtCDZMS.3","action":"CompareDataConsistency result: ", "result":"Compare result: Passwords is consistent. local entities count is: 0 local entities hash is: "}
{"logTime": "0901/021655", "correlationVector":"Uoye+hreyXMQnVoWtCDZMS.4","action":"CompareDataConsistency result: ", "result":"Compare result: Extensions is consistent. local entities count is: 0 local entities hash is: "}
{"logTime": "0901/021655", "correlationVector":"Uoye+hreyXMQnVoWtCDZMS.5","action":"CompareDataConsistency result: ", "result":"Compare result: Extension settings is consistent. local entities count is: 0 local entities hash is: "}
{"logTime": "0901/021655", "correlationVector":"Uoye+hreyXMQnVoWtCDZMS.6","action":"CompareDataConsistency result: ", "result":"Compare result: History Delete Directives is consistent. local entities count is: 0 local entities hash is: "}
{"logTime": "0901/021655", "correlationVector":"Uoye+hreyXMQnVoWtCDZMS.7","action":"CompareDataConsistency result: ", "result":"Server did not send this Send Tab To Self local entities count is: 0 local entities hash is: "}
{"logTime": "0901/021655", "correlationVector":"Uoye+hreyXMQnVoWtCDZMS.8","action":"CompareDataConsistency result: ", "result":"Compare result: Web Apps is consistent. local entities count is: 0 local entities hash is: "}
{"logTime": "0901/021655", "correlationVector":"Uoye+hreyXMQnVoWtCDZMS.9","action":"CompareDataConsistency result: ", "result":"Server did not send this History local entities count is: 0 local entities hash is: "}
{"logTime": "0901/021655", "correlationVector":"Uoye+hreyXMQnVoWtCDZMS.10","action":"CompareDataConsistency result: ", "result":"Compare result: Saved Tab Group is consistent. local entities count is: 0 local entities hash is: "}
{"logTime": "0901/021655", "correlationVector":"Uoye+hreyXMQnVoWtCDZMS.11","action":"CompareDataConsistency result: ", "result":"Server did not send this WebAuthn Credentials local entities count is: 0 local entities hash is: "}
{"logTime": "0901/021655", "correlationVector":"Uoye+hreyXMQnVoWtCDZMS.12","action":"CompareDataConsistency result: ", "result":"Server did not send this Edge Workspace local entities count is: 0 local entities hash is: "}
{"logTime": "0901/021655", "correlationVector":"","action":"DIAGNOSTIC_REQUEST|v1/diagnosticData/Diagnostic.SendCheckResult()|SUCCESS", "result":""}
{"logTime": "0901/022116", "correlationVector":"cqWQa7DC0wgB6pSVw9DrqC","action":"Normal GetUpdate request", "result":"", "context":cV=cqWQa7DC0wgB6pSVw9DrqC
Nudged types: Sessions, History
Refresh requested types: Bookmarks, Preferences, Passwords, Autofill Profiles, Autofill, Extensions, Sessions, Extension settings, History Delete Directives, Device Info, User Consents, Send Tab To Self, Web Apps, History, Saved Tab Group, WebAuthn Credentials, Edge Hub App Usage, Edge Workspace, Encryption Keys}
{"logTime": "0901/022116", "correlationVector":"cqWQa7DC0wgB6pSVw9DrqC.1","action":"SyncServerConnectionManagerRequest", "result":"SYNC_SERVER_OK", "context":{"environment":"Prod_southeastasia_prod-s01-064-apac-southeastasia", "migrationStage":"NotStarted", "server":"akswtt003000019"}}
{"logTime": "0901/022116", "correlationVector":"cqWQa7DC0wgB6pSVw9DrqC.2","action":"GetUpdates Response", "result":"Success", "context":Received 0 update(s). cV=cqWQa7DC0wgB6pSVw9DrqC.0;server=akswtt003000019;cloudType=Consumer;environment=Prod_southeastasia_prod-s01-064-apac-southeastasia;migrationStage=NotStarted}
{"logTime": "0901/022116", "correlationVector":"aWtu8ECWmHmW+vN0D/t3ns","action":"Commit Request", "result":"", "context":Item count: 10
Contributing types: Sessions, History}
{"logTime": "0901/022117", "correlationVector":"aWtu8ECWmHmW+vN0D/t3ns.1","action":"SyncServerConnectionManagerRequest", "result":"SYNC_SERVER_OK", "context":{"environment":"Prod_southeastasia_prod-s01-064-apac-southeastasia", "migrationStage":"NotStarted", "server":"akswtt00300001h"}}
{"logTime": "0901/022117", "correlationVector":"aWtu8ECWmHmW+vN0D/t3ns.2","action":"Commit Response", "result":"Success", "context":Result: Success. cV=aWtu8ECWmHmW+vN0D/t3ns.0;server=akswtt00300001h;cloudType=Consumer;environment=Prod_southeastasia_prod-s01-064-apac-southeastasia;migrationStage=NotStarted}
{"logTime": "0901/030009", "correlationVector":"sVZlGxUoHKgJO/Rz0SglV+","action":"Normal GetUpdate request", "result":"", "context":cV=sVZlGxUoHKgJO/Rz0SglV+
Nudged types: Sessions, History
Refresh requested types: Bookmarks, Preferences, Passwords, Autofill Profiles, Autofill, Extensions, Sessions, Extension settings, History Delete Directives, Device Info, User Consents, Send Tab To Self, Web Apps, History, Saved Tab Group, WebAuthn Credentials, Edge Hub App Usage, Edge Workspace, Encryption Keys}
{"logTime": "0901/030010", "correlationVector":"sVZlGxUoHKgJO/Rz0SglV+.1","action":"SyncServerConnectionManagerRequest", "result":"SYNC_SERVER_OK", "context":{"environment":"Prod_southeastasia_prod-s01-065-apac-southeastasia", "migrationStage":"NotStarted", "server":"akswtt003000018"}}
{"logTime": "0901/030010", "correlationVector":"sVZlGxUoHKgJO/Rz0SglV+.2","action":"ProcessGetUpdates", "result":"Done", "context":{"dataType":"Sessions", "deleted":"0", "process_failed_to_decrypt":"0", "process_pending_decryption":"0", "process_success":"3", "total":"3"}}
{"logTime": "0901/030010", "correlationVector":"sVZlGxUoHKgJO/Rz0SglV+.3","action":"ProcessGetUpdates", "result":"Done", "context":{"dataType":"History", "deleted":"0", "process_failed_to_decrypt":"0", "process_pending_decryption":"0", "process_success":"7", "total":"7"}}
{"logTime": "0901/030010", "correlationVector":"sVZlGxUoHKgJO/Rz0SglV+.4","action":"GetUpdates Response", "result":"Success", "context":Received 10 update(s). cV=sVZlGxUoHKgJO/Rz0SglV+.0;server=akswtt003000018;cloudType=Consumer;environment=Prod_southeastasia_prod-s01-065-apac-southeastasia;migrationStage=NotStarted}
{"logTime": "0901/030010", "correlationVector":"aGuB+QE4QXR0EYx3TBsNjP","action":"Commit Request", "result":"", "context":Item count: 28
Contributing types: Sessions, History}
{"logTime": "0901/030013", "correlationVector":"aGuB+QE4QXR0EYx3TBsNjP.1","action":"SyncServerConnectionManagerRequest", "result":"SYNC_SERVER_OK", "context":{"environment":"Prod_southeastasia_prod-s01-065-apac-southeastasia", "migrationStage":"NotStarted", "server":"akswtt00300001q"}}
{"logTime": "0901/030013", "correlationVector":"aGuB+QE4QXR0EYx3TBsNjP.3","action":"Commit.Sessions", "result":"Success", "context":{"id":"347fc76c-f569-4bf9-90bc-9fd060386cb7", "isDeleted":"true", "size":"0", "version":"1788229275206"}}
{"logTime": "0901/030013", "correlationVector":"aGuB+QE4QXR0EYx3TBsNjP.2","action":"Commit Response", "result":"Success", "context":Result: Success. cV=aGuB+QE4QXR0EYx3TBsNjP.0;server=akswtt00300001q;cloudType=Consumer;environment=Prod_southeastasia_prod-s01-065-apac-southeastasia;migrationStage=NotStarted}
{"logTime": "0901/034239", "correlationVector":"MgQ5U+/Q7Qrgl7J449yrPu","action":"Normal GetUpdate request", "result":"", "context":cV=MgQ5U+/Q7Qrgl7J449yrPu
Nudged types: Autofill, Sessions, History
Refresh requested types: Bookmarks, Preferences, Passwords, Autofill Profiles, Autofill, Extensions, Sessions, Extension settings, History Delete Directives, Device Info, User Consents, Send Tab To Self, Web Apps, History, Saved Tab Group, WebAuthn Credentials, Edge Hub App Usage, Edge Workspace, Encryption Keys}
{"logTime": "0901/034240", "correlationVector":"MgQ5U+/Q7Qrgl7J449yrPu.1","action":"SyncServerConnectionManagerRequest", "result":"SYNC_SERVER_OK", "context":{"environment":"Prod_southeastasia_prod-s01-064-apac-southeastasia", "migrationStage":"NotStarted", "server":"akswtt003000001"}}
{"logTime": "0901/034240", "correlationVector":"MgQ5U+/Q7Qrgl7J449yrPu.2","action":"ProcessGetUpdates", "result":"Done", "context":{"dataType":"Sessions", "deleted":"1", "process_failed_to_decrypt":"0", "process_pending_decryption":"0", "process_success":"3", "total":"3"}}
{"logTime": "0901/034240", "correlationVector":"MgQ5U+/Q7Qrgl7J449yrPu.3","action":"ProcessGetUpdates", "result":"Done", "context":{"dataType":"History", "deleted":"0", "process_failed_to_decrypt":"0", "process_pending_decryption":"0", "process_success":"25", "total":"25"}}
{"logTime": "0901/034240", "correlationVector":"MgQ5U+/Q7Qrgl7J449yrPu.4","action":"GetUpdates Response", "result":"Success", "context":Received 28 update(s). cV=MgQ5U+/Q7Qrgl7J449yrPu.0;server=akswtt003000001;cloudType=Consumer;environment=Prod_southeastasia_prod-s01-064-apac-southeastasia;migrationStage=NotStarted}
{"logTime": "0901/034240", "correlationVector":"p7/FzRGDqvt9pl8kxWq8XH","action":"Commit Request", "result":"", "context":Item count: 19
Contributing types: Autofill, Sessions, History}
{"logTime": "0901/034242", "correlationVector":"p7/FzRGDqvt9pl8kxWq8XH.1","action":"SyncServerConnectionManagerRequest", "result":"SYNC_SERVER_OK", "context":{"environment":"Prod_southeastasia_prod-s01-064-apac-southeastasia", "migrationStage":"NotStarted", "server":"akswtt00300000j"}}
{"logTime": "0901/034242", "correlationVector":"p7/FzRGDqvt9pl8kxWq8XH.2","action":"Commit Response", "result":"Success", "context":Result: Success. cV=p7/FzRGDqvt9pl8kxWq8XH.0;server=akswtt00300000j;cloudType=Consumer;environment=Prod_southeastasia_prod-s01-064-apac-southeastasia;migrationStage=NotStarted}
{"logTime": "0901/034244", "correlationVector":"n7TsuzX04Fm+iaaf2cVJd+","action":"Commit Request", "result":"", "context":Item count: 3
Contributing types: Sessions, History}
{"logTime": "0901/034245", "correlationVector":"n7TsuzX04Fm+iaaf2cVJd+.1","action":"SyncServerConnectionManagerRequest", "result":"SYNC_SERVER_OK", "context":{"environment":"Prod_southeastasia_prod-s01-064-apac-southeastasia", "migrationStage":"NotStarted", "server":"akswtt00300001z"}}
{"logTime": "0901/034245", "correlationVector":"n7TsuzX04Fm+iaaf2cVJd+.2","action":"Commit Response", "result":"Success", "context":Result: Success. cV=n7TsuzX04Fm+iaaf2cVJd+.0;server=akswtt00300001z;cloudType=Consumer;environment=Prod_southeastasia_prod-s01-064-apac-southeastasia;migrationStage=NotStarted}
{"logTime": "0901/042111", "correlationVector":"DXfgDzzDMaPG6cC4n7TQ0T","action":"Normal GetUpdate request", "result":"", "context":cV=DXfgDzzDMaPG6cC4n7TQ0T
Nudged types: Sessions, History
Refresh requested types: Bookmarks, Preferences, Passwords, Autofill Profiles, Autofill, Extensions, Sessions, Extension settings, History Delete Directives, Device Info, User Consents, Send Tab To Self, Web Apps, History, Saved Tab Group, WebAuthn Credentials, Edge Hub App Usage, Edge Workspace, Encryption Keys}
{"logTime": "0901/042111", "correlationVector":"DXfgDzzDMaPG6cC4n7TQ0T.1","action":"SyncServerConnectionManagerRequest", "result":"SYNC_SERVER_OK", "context":{"environment":"Prod_southeastasia_prod-s01-064-apac-southeastasia", "migrationStage":"NotStarted", "server":"akswtt003000003"}}
{"logTime": "0901/042111", "correlationVector":"DXfgDzzDMaPG6cC4n7TQ0T.2","action":"ProcessGetUpdates", "result":"Done", "context":{"dataType":"Sessions", "deleted":"1", "process_failed_to_decrypt":"0", "process_pending_decryption":"0", "process_success":"3", "total":"3"}}
{"logTime": "0901/042111", "correlationVector":"DXfgDzzDMaPG6cC4n7TQ0T.3","action":"ProcessGetUpdates", "result":"Done", "context":{"dataType":"History", "deleted":"0", "process_failed_to_decrypt":"0", "process_pending_decryption":"0", "process_success":"1", "total":"1"}}
{"logTime": "0901/042111", "correlationVector":"DXfgDzzDMaPG6cC4n7TQ0T.4","action":"GetUpdates Response", "result":"Success", "context":Received 4 update(s). cV=DXfgDzzDMaPG6cC4n7TQ0T.0;server=akswtt003000003;cloudType=Consumer;environment=Prod_southeastasia_prod-s01-064-apac-southeastasia;migrationStage=NotStarted}
{"logTime": "0901/042111", "correlationVector":"mba3D/Ip4K5AXhj4hpO1ws","action":"Commit Request", "result":"", "context":Item count: 5
Contributing types: Sessions, History}
{"logTime": "0901/042112", "correlationVector":"mba3D/Ip4K5AXhj4hpO1ws.1","action":"SyncServerConnectionManagerRequest", "result":"SYNC_SERVER_OK", "context":{"environment":"Prod_southeastasia_prod-s01-064-apac-southeastasia", "migrationStage":"NotStarted", "server":"akswtt003000019"}}
{"logTime": "0901/042112", "correlationVector":"mba3D/Ip4K5AXhj4hpO1ws.2","action":"Commit Response", "result":"Success", "context":Result: Success. cV=mba3D/Ip4K5AXhj4hpO1ws.0;server=akswtt003000019;cloudType=Consumer;environment=Prod_southeastasia_prod-s01-064-apac-southeastasia;migrationStage=NotStarted}
{"logTime": "0901/042112", "correlationVector":"mba3D/Ip4K5AXhj4hpO1ws.3","action":"Commit.Sessions", "result":"Success", "context":{"id":"843902e7-abac-44f4-8b2c-a190e0a6d44d", "isDeleted":"true", "size":"0", "version":"1788234245524"}}
{"logTime": "0901/060145", "correlationVector":"TRr1bj6g6p7zGDJssQRb9v","action":"Normal GetUpdate request", "result":"", "context":cV=TRr1bj6g6p7zGDJssQRb9v
Nudged types: Sessions, History
Refresh requested types: Bookmarks, Preferences, Passwords, Autofill Profiles, Autofill, Extensions, Sessions, Extension settings, History Delete Directives, Device Info, User Consents, Send Tab To Self, Web Apps, History, Saved Tab Group, WebAuthn Credentials, Edge Hub App Usage, Edge Workspace, Encryption Keys}
{"logTime": "0901/060145", "correlationVector":"TRr1bj6g6p7zGDJssQRb9v.1","action":"SyncServerConnectionManagerRequest", "result":"SYNC_SERVER_OK", "context":{"environment":"Prod_southeastasia_prod-s01-065-apac-southeastasia", "migrationStage":"NotStarted", "server":"akswtt00300001n"}}
{"logTime": "0901/060145", "correlationVector":"TRr1bj6g6p7zGDJssQRb9v.2","action":"ProcessGetUpdates", "result":"Done", "context":{"dataType":"Sessions", "deleted":"1", "process_failed_to_decrypt":"0", "process_pending_decryption":"0", "process_success":"3", "total":"3"}}
{"logTime": "0901/060145", "correlationVector":"TRr1bj6g6p7zGDJssQRb9v.3","action":"ProcessGetUpdates", "result":"Done", "context":{"dataType":"History", "deleted":"0", "process_failed_to_decrypt":"0", "process_pending_decryption":"0", "process_success":"2", "total":"2"}}
{"logTime": "0901/060145", "correlationVector":"TRr1bj6g6p7zGDJssQRb9v.4","action":"GetUpdates Response", "result":"Success", "context":Received 5 update(s). cV=TRr1bj6g6p7zGDJssQRb9v.0;server=akswtt00300001n;cloudType=Consumer;environment=Prod_southeastasia_prod-s01-065-apac-southeastasia;migrationStage=NotStarted}
{"logTime": "0901/060145", "correlationVector":"bBg6wNi2d5KN1YjncrKKyI","action":"Commit Request", "result":"", "context":Item count: 14
Contributing types: Sessions, History}
{"logTime": "0901/060147", "correlationVector":"bBg6wNi2d5KN1YjncrKKyI.1","action":"SyncServerConnectionManagerRequest", "result":"SYNC_SERVER_OK", "context":{"environment":"Prod_southeastasia_prod-s01-065-apac-southeastasia", "migrationStage":"NotStarted", "server":"akswtt00300000b"}}
{"logTime": "0901/060147", "correlationVector":"bBg6wNi2d5KN1YjncrKKyI.2","action":"Commit Response", "result":"Success", "context":Result: Success. cV=bBg6wNi2d5KN1YjncrKKyI.0;server=akswtt00300000b;cloudType=Consumer;environment=Prod_southeastasia_prod-s01-065-apac-southeastasia;migrationStage=NotStarted}
{"logTime": "0901/131230", "correlationVector":"W1rUbjCktJ/JAOiv6fWEND","action":"Normal GetUpdate request", "result":"", "context":cV=W1rUbjCktJ/JAOiv6fWEND
Nudged types: Sessions, Device Info, History
Refresh requested types: Bookmarks, Preferences, Passwords, Autofill Profiles, Autofill, Extensions, Sessions, Extension settings, History Delete Directives, Device Info, User Consents, Send Tab To Self, Web Apps, History, Saved Tab Group, WebAuthn Credentials, Edge Hub App Usage, Edge Workspace, Encryption Keys}
{"logTime": "0901/131231", "correlationVector":"W1rUbjCktJ/JAOiv6fWEND.1","action":"SyncServerConnectionManagerRequest", "result":"SYNC_SERVER_OK", "context":{"environment":"Prod_southeastasia_prod-s01-064-apac-southeastasia", "migrationStage":"NotStarted", "server":"akswtt00300000a"}}
{"logTime": "0901/131231", "correlationVector":"W1rUbjCktJ/JAOiv6fWEND.2","action":"ProcessGetUpdates", "result":"Done", "context":{"dataType":"Sessions", "deleted":"0", "process_failed_to_decrypt":"0", "process_pending_decryption":"0", "process_success":"2", "total":"2"}}
{"logTime": "0901/131231", "correlationVector":"W1rUbjCktJ/JAOiv6fWEND.3","action":"ProcessGetUpdates", "result":"Done", "context":{"dataType":"History", "deleted":"0", "process_failed_to_decrypt":"0", "process_pending_decryption":"0", "process_success":"12", "total":"12"}}
{"logTime": "0901/131231", "correlationVector":"W1rUbjCktJ/JAOiv6fWEND.4","action":"GetUpdates Response", "result":"Success", "context":Received 14 update(s). cV=W1rUbjCktJ/JAOiv6fWEND.0;server=akswtt00300000a;cloudType=Consumer;environment=Prod_southeastasia_prod-s01-064-apac-southeastasia;migrationStage=NotStarted}
{"logTime": "0901/131231", "correlationVector":"vQ20cV+CyevA28wFBLBHf5","action":"Commit Request", "result":"", "context":Item count: 35
Contributing types: Sessions, Device Info, History}
{"logTime": "0901/131237", "correlationVector":"vQ20cV+CyevA28wFBLBHf5.1","action":"SyncServerConnectionManagerRequest", "result":"SYNC_SERVER_OK", "context":{"environment":"Prod_southeastasia_prod-s01-064-apac-southeastasia", "migrationStage":"NotStarted", "server":"akswtt003000009"}}
{"logTime": "0901/131237", "correlationVector":"vQ20cV+CyevA28wFBLBHf5.2","action":"Commit Response", "result":"Success", "context":Result: Success. cV=vQ20cV+CyevA28wFBLBHf5.0;server=akswtt003000009;cloudType=Consumer;environment=Prod_southeastasia_prod-s01-064-apac-southeastasia;migrationStage=NotStarted}
{"logTime": "0901/131238", "correlationVector":"FpH1G1i4/5xwtylBmuMMxO","action":"SyncServerConnectionManagerRequest", "result":"SYNC_SERVER_OK", "context":{"environment":"", "migrationStage":"", "server":""}}
{"logTime": "0901/131238", "correlationVector":"FpH1G1i4/5xwtylBmuMMxO.0","action":"EncryptionKeysFetcher.DownloadKeys:", "result":"Success", "context":Key count: 1, Last key timestamp: 2026-06-24T00:58:13Z}
{"logTime": "0901/131238", "correlationVector":"FpH1G1i4/5xwtylBmuMMxO.1","action":"EncryptionKeysManager::SetEncryptionKeys:", "result":"Success", "context":Key names[1]:[i2keZwuWJBJBjLj9FMnGk9q7NonAdz3nxpb+LsD8F8QD2FMY91JID0AGYiCpTtBxUI4m7xuh99q0pr8QU5KhrA==]}
{"logTime": "0901/131238", "correlationVector":"FpH1G1i4/5xwtylBmuMMxO.2","action":"EncryptionKeysManager::SetEncryptionKeysWithTimestamps:", "result":"Success", "context":Key timestamps[1]:[2026-06-24T00:58:13Z]}
{"logTime": "0901/131238", "correlationVector":"54tedhvc/BF8ErIjDtbJ+S","action":"Poll GetUpdate request", "result":"", "context":cV=54tedhvc/BF8ErIjDtbJ+S}
{"logTime": "0901/131239", "correlationVector":"54tedhvc/BF8ErIjDtbJ+S.1","action":"SyncServerConnectionManagerRequest", "result":"SYNC_SERVER_OK", "context":{"environment":"Prod_southeastasia_prod-s01-064-apac-southeastasia", "migrationStage":"NotStarted", "server":"akswtt003000026"}}
{"logTime": "0901/131239", "correlationVector":"54tedhvc/BF8ErIjDtbJ+S.2","action":"ProcessGetUpdates", "result":"Done", "context":{"dataType":"Sessions", "deleted":"0", "process_failed_to_decrypt":"0", "process_pending_decryption":"0", "process_success":"2", "total":"2"}}
{"logTime": "0901/131239", "correlationVector":"54tedhvc/BF8ErIjDtbJ+S.3","action":"ProcessGetUpdates", "result":"Done", "context":{"dataType":"Device Info", "deleted":"0", "process_failed_to_decrypt":"0", "process_pending_decryption":"0", "process_success":"1", "total":"1"}}
{"logTime": "0901/131239", "correlationVector":"54tedhvc/BF8ErIjDtbJ+S.4","action":"ProcessGetUpdates", "result":"Done", "context":{"dataType":"History", "deleted":"0", "process_failed_to_decrypt":"0", "process_pending_decryption":"0", "process_success":"32", "total":"32"}}
{"logTime": "0901/131239", "correlationVector":"54tedhvc/BF8ErIjDtbJ+S.5","action":"GetUpdates Response", "result":"Success", "context":Received 35 update(s). cV=54tedhvc/BF8ErIjDtbJ+S.0;server=akswtt003000026;cloudType=Consumer;environment=Prod_southeastasia_prod-s01-064-apac-southeastasia;migrationStage=NotStarted}
{"logTime": "0901/131535", "correlationVector":"AZgLre9CM/yeIbQrrc6TFR","action":"Commit Request", "result":"", "context":Item count: 5
Contributing types: Sessions, Device Info, History}
{"logTime": "0901/131536", "correlationVector":"AZgLre9CM/yeIbQrrc6TFR.1","action":"SyncServerConnectionManagerRequest", "result":"SYNC_SERVER_OK", "context":{"environment":"Prod_southeastasia_prod-s01-064-apac-southeastasia", "migrationStage":"NotStarted", "server":"akswtt003000021"}}
{"logTime": "0901/131536", "correlationVector":"AZgLre9CM/yeIbQrrc6TFR.2","action":"Commit Response", "result":"Success", "context":Result: Success. cV=AZgLre9CM/yeIbQrrc6TFR.0;server=akswtt003000021;cloudType=Consumer;environment=Prod_southeastasia_prod-s01-064-apac-southeastasia;migrationStage=NotStarted}
